// Jest Snapshot v1, https://goo.gl/fbAQLP

exports[`Checklist renders correctly 1`] = `
<div>
  <div />
</div>
`;
